// Jest Snapshot v1, https://goo.gl/fbAQLP

exports[`shopify format with react-i18next handles interpolation of React components using Trans component with explicit component tags 1`] = `
<div>
  Hello 
  <strong
    title="This is your name"
  >
    Joe
  </strong>
  , you have 1 unread message. 
  <a
    href="/msgs"
  >
    Go to message
  </a>
  .
</div>
`;

exports[`shopify format with react-i18next handles interpolation of React components using Trans component with numbered component tags 1`] = `
<div>
  Hello 
  <strong
    title="This is your name"
  >
    Joe
  </strong>
  , you have 1 unread message. 
  <a
    href="/msgs"
  >
    Go to message
  </a>
  .
</div>
`;
